15:41:31 **** Incremental Build of configuration Debug for project infrare_count1 ****
make -j7 all 
arm-none-eabi-gcc "../Core/Src/main.c" -mcpu=cortex-m3 -std=gnu11 -g3 -DDEBUG -DUSE_HAL_DRIVER -DSTM32F103xE -c -I../Core/Inc -I../Drivers/STM32F1xx_HAL_Driver/Inc/Legacy -I../Drivers/STM32F1xx_HAL_Driver/Inc -I../Drivers/CMSIS/Device/ST/STM32F1xx/Include -I../Drivers/CMSIS/Include -O0 -ffunction-sections -fdata-sections -Wall -fstack-usage -fcyclomatic-complexity -MMD -MP -MF"Core/Src/main.d" -MT"Core/Src/main.o" --specs=nano.specs -mfloat-abi=soft -mthumb -o "Core/Src/main.o"
arm-none-eabi-gcc -o "infrare_count1.elf" @"objects.list"   -mcpu=cortex-m3 -T"/Users/mr.happy/Documents/STM32/infrare_count1/STM32F103RCTX_FLASH.ld" --specs=nosys.specs -Wl,-Map="infrare_count1.map" -Wl,--gc-sections -static --specs=nano.specs -mfloat-abi=soft -mthumb -Wl,--start-group -lc -lm -Wl,--end-group
Finished building target: infrare_count1.elf
 
arm-none-eabi-size  infrare_count1.elf 
arm-none-eabi-objdump -h -S infrare_count1.elf  > "infrare_count1.list"
   text	   data	    bss	    dec	    hex	filename
  10376	    100	   2044	  12520	   30e8	infrare_count1.elf
Finished building: default.size.stdout
 
Finished building: infrare_count1.list
 

15:41:31 Build Finished. 0 errors, 0 warnings. (took 472ms)

